02-09 05:29:02.409  4184  4184 I sh      : type=1400 audit(0.0:10598): avc: denied { getattr } for path="/dev/pts/1" dev="devpts" ino=4 scontext=u:r:init:s0 tcontext=u:object_r:devpts:s0 tclass=chr_file permissive=1
02-09 05:29:02.413  4184  4184 I sh      : type=1400 audit(0.0:10599): avc: denied { execute_no_trans } for path="/system/bin/am" dev="sda6" ino=328 scontext=u:r:init:s0 tcontext=u:object_r:system_file:s0 tclass=file permissive=1
02-09 05:29:02.437  4186  4186 I cmd     : type=1400 audit(0.0:10600): avc: denied { call } for scontext=u:r:init:s0 tcontext=u:r:servicemanager:s0 tclass=binder permissive=1
02-09 05:29:02.505   155   155 I /sbin/adbd: type=1400 audit(0.0:10608): avc: denied { write } for comm=73657276696365203338 name="tmp" dev="sdb3" ino=627090 scontext=u:r:init:s0 tcontext=u:object_r:shell_data_file:s0 tclass=dir permissive=1
02-09 05:29:02.505   155   155 I /sbin/adbd: type=1400 audit(0.0:10609): avc: denied { add_name } for comm=73657276696365203338 name="app-debug.apk" scontext=u:r:init:s0 tcontext=u:object_r:shell_data_file:s0 tclass=dir permissive=1
02-09 05:29:02.505   155   155 I /sbin/adbd: type=1400 audit(0.0:10610): avc: denied { create } for comm=73657276696365203338 name="app-debug.apk" scontext=u:r:init:s0 tcontext=u:object_r:shell_data_file:s0 tclass=file permissive=1
02-09 05:29:02.509   155   155 I /sbin/adbd: type=1400 audit(0.0:10612): avc: denied { setattr } for comm=73657276696365203338 name="app-debug.apk" dev="sdb3" ino=627091 scontext=u:r:init:s0 tcontext=u:object_r:shell_data_file:s0 tclass=file permissive=1
02-09 05:29:05.305   155   155 I /sbin/adbd: type=1400 audit(0.0:10613): avc: denied { setfcap } for comm=73657276696365203338 capability=31 scontext=u:r:init:s0 tcontext=u:r:init:s0 tclass=capability permissive=1
02-09 05:29:05.325  4191  4191 I app_process: type=1400 audit(0.0:10614): avc: denied { read write } for path="/dev/pts/1" dev="devpts" ino=4 scontext=u:r:zygote:s0 tcontext=u:object_r:devpts:s0 tclass=chr_file permissive=1
02-09 05:29:05.541  4191  4191 I app_process: type=1400 audit(0.0:10615): avc: denied { sendto } for path="/dev/socket/logdw" scontext=u:r:zygote:s0 tcontext=u:r:init:s0 tclass=unix_dgram_socket permissive=1
02-09 05:29:05.545  4191  4191 D AndroidRuntime: >>>>>> START com.android.internal.os.RuntimeInit uid 0 <<<<<<
02-09 05:29:05.584  4191  4191 W app_process: Unexpected CPU variant for X86 using defaults: x86
02-09 05:29:05.602  4191  4191 D AndroidRuntime: Calling main entry com.android.commands.pm.Pm
02-09 05:29:05.609  4191  4191 I main    : type=1400 audit(0.0:10627): avc: denied { read } for name="app-debug.apk" dev="sdb3" ino=627091 scontext=u:r:zygote:s0 tcontext=u:object_r:shell_data_file:s0 tclass=file permissive=1
02-09 05:29:05.609  4191  4191 I main    : type=1400 audit(0.0:10628): avc: denied { open } for path="/data/local/tmp/app-debug.apk" dev="sdb3" ino=627091 scontext=u:r:zygote:s0 tcontext=u:object_r:shell_data_file:s0 tclass=file permissive=1
02-09 05:29:05.621   470   470 W Binder:470_4: type=1400 audit(0.0:10629): avc: granted { use } for path="socket:[49122]" dev="sockfs" ino=49122 scontext=u:r:zygote:s0 tcontext=u:r:system_server:s0 tclass=fd
02-09 05:29:05.621   470   470 I Binder:470_4: type=1400 audit(0.0:10630): avc: denied { read write } for path="socket:[49122]" dev="sockfs" ino=49122 scontext=u:r:zygote:s0 tcontext=u:r:system_server:s0 tclass=unix_stream_socket permissive=1
02-09 05:29:06.009   470   484 E memtrack: Couldn't load memtrack module
02-09 05:29:06.009   470   484 W android.os.Debug: failed to get memory consumption info: -1
02-09 05:29:06.022   470   484 E memtrack: Couldn't load memtrack module
02-09 05:29:06.023   470   484 W android.os.Debug: failed to get memory consumption info: -1
02-09 05:29:06.040   470   526 I PackageManager.DexOptimizer: Running dexopt (dexoptNeeded=1) on: /data/app/vmdl1140640914.tmp/base.apk pkg=com.gobarbermobile isa=x86 dexoptFlags=boot_complete,debuggable,public target-filter=quicken oatDir=/data/app/vmdl1140640914.tmp/oat sharedLibraries=null
02-09 05:29:06.049  4203  4203 W dex2oat : Unexpected CPU variant for X86 using defaults: x86
02-09 05:29:06.049  4203  4203 W dex2oat : Mismatch between dex2oat instruction set features (ISA: X86 Feature string: -ssse3,-sse4.1,-sse4.2,-avx,-avx2,-popcnt) and those of dex2oat executable (ISA: X86 Feature string: ssse3,-sse4.1,-sse4.2,-avx,-avx2,-popcnt) for the command line:
02-09 05:29:06.049  4203  4203 W dex2oat : /system/bin/dex2oat --zip-fd=7 --zip-location=base.apk --input-vdex-fd=-1 --output-vdex-fd=9 --oat-fd=8 --oat-location=/data/app/vmdl1140640914.tmp/oat/x86/base.odex --instruction-set=x86 --instruction-set-variant=x86 --instruction-set-features=default --runtime-arg -Xms64m --runtime-arg -Xmx512m --compiler-filter=quicken --swap-fd=10 --debuggable --classpath-dir=/data/app/vmdl1140640914.tmp
02-09 05:29:06.050  4203  4203 I dex2oat : /system/bin/dex2oat --input-vdex-fd=-1 --output-vdex-fd=9 --compiler-filter=quicken --debuggable --classpath-dir=/data/app/vmdl1140640914.tmp
02-09 05:29:06.823  4203  4203 I dex2oat : dex2oat took 773.637ms (2.303s cpu) (threads: 4) arena alloc=5KB (5256B) java alloc=4MB (4222392B) native alloc=5MB (6135376B) free=3MB (3432880B)
02-09 05:29:06.828   470   526 W PackageManager: No settings package for com.gobarbermobile. Scan needed.
02-09 05:29:06.852   470   526 D PackageManager: Ephemeral installer not found with new action; try old one
02-09 05:29:06.852   470   526 D PackageManager: Clear ephemeral installer activity
02-09 05:29:06.853   390  2682 E         : Couldn't opendir /data/app/vmdl1140640914.tmp: No such file or directory
02-09 05:29:06.853   390  2682 E installd: Failed to delete /data/app/vmdl1140640914.tmp: No such file or directory
02-09 05:29:06.859  4191  4191 I Pm      : Package com.gobarbermobile installed in 1256 ms
02-09 05:29:06.860   470  1207 D PackageInstaller: Ignoring abandon after commit relinquished control
02-09 05:29:06.862  4191  4191 I app_process: System.exit called, status: 0
02-09 05:29:06.862  4191  4191 I AndroidRuntime: VM exiting with result code 0.
02-09 05:29:06.865   470   484 E memtrack: Couldn't load memtrack module
02-09 05:29:06.865   470   484 W android.os.Debug: failed to get memory consumption info: -1
02-09 05:29:06.869   730   730 D ImsResolver: maybeAddedImsService, packageName: com.gobarbermobile
02-09 05:29:06.878   470   571 I InputReader: Reconfiguring input devices.  changes=0x00000010
02-09 05:29:06.885   470   727 W BroadcastQueue: Background execution not allowed: receiving Intent { act=android.intent.action.PACKAGE_ADDED dat=package:com.gobarbermobile flg=0x4000010 (has extras) } to com.android.musicfx/.Compatibility$Receiver
02-09 05:29:06.894   470  1243 W BroadcastQueue: Background execution not allowed: receiving Intent { act=android.intent.action.PACKAGE_ADDED dat=package:com.gobarbermobile flg=0x4000010 (has extras) } to com.svox.pico/.VoiceDataInstallerReceiver
02-09 05:29:06.896   470   470 I Telecom : DefaultDialerCache: Refreshing default dialer for user 0: now com.android.dialer: DDC.oR@ALs
02-09 05:29:06.908   470   484 W VoiceInteractionManagerService: no available voice recognition services found for user 0
02-09 05:29:06.916   730   730 D CarrierSvcBindHelper: No carrier app for: 0
02-09 05:29:06.921   730   730 D CarrierConfigLoader: mHandler: 9 phoneId: 0
02-09 05:29:06.929  4214  4214 I rm      : type=1400 audit(0.0:11381): avc: denied { getattr } for path="/data/local/tmp/app-debug.apk" dev="sdb3" ino=627091 scontext=u:r:toolbox:s0 tcontext=u:object_r:shell_data_file:s0 tclass=file permissive=1
02-09 05:29:06.929  4214  4214 I rm      : type=1400 audit(0.0:11382): avc: denied { write } for name="app-debug.apk" dev="sdb3" ino=627091 scontext=u:r:toolbox:s0 tcontext=u:object_r:shell_data_file:s0 tclass=file permissive=1
02-09 05:29:06.929  4214  4214 I rm      : type=1400 audit(0.0:11383): avc: denied { dac_override } for capability=1 scontext=u:r:toolbox:s0 tcontext=u:r:toolbox:s0 tclass=capability permissive=1
02-09 05:29:06.929  4214  4214 I rm      : type=1400 audit(0.0:11384): avc: denied { write } for name="tmp" dev="sdb3" ino=627090 scontext=u:r:toolbox:s0 tcontext=u:object_r:shell_data_file:s0 tclass=dir permissive=1
02-09 05:29:06.929  4214  4214 I rm      : type=1400 audit(0.0:11385): avc: denied { remove_name } for name="app-debug.apk" dev="sdb3" ino=627091 scontext=u:r:toolbox:s0 tcontext=u:object_r:shell_data_file:s0 tclass=dir permissive=1
02-09 05:29:06.929  4214  4214 I rm      : type=1400 audit(0.0:11386): avc: denied { unlink } for name="app-debug.apk" dev="sdb3" ino=627091 scontext=u:r:toolbox:s0 tcontext=u:object_r:shell_data_file:s0 tclass=file permissive=1
02-09 05:29:07.425  4217  4217 I cmd     : type=1400 audit(0.0:11389): avc: denied { call } for scontext=u:r:init:s0 tcontext=u:r:servicemanager:s0 tclass=binder permissive=1
02-09 05:29:07.430   470   482 I ActivityManager: START u0 {flg=0x10000000 cmp=com.gobarbermobile/.MainActivity} from uid 0
02-09 05:29:07.433  1275  1275 I droid.launcher3: type=1400 audit(0.0:11392): avc: denied { sendto } for path="/dev/socket/logdw" scontext=u:r:priv_app:s0:c512,c768 tcontext=u:r:init:s0 tclass=unix_dgram_socket permissive=1
02-09 05:29:07.451   470   775 I ActivityManager: Start proc 4219:com.gobarbermobile/u0a75 for activity com.gobarbermobile/.MainActivity
02-09 05:29:07.472  4219  4219 I zygote  : Late-enabling -Xcheck:jni
02-09 05:29:07.490  4219  4219 W zygote  : Unexpected CPU variant for X86 using defaults: x86
02-09 05:29:07.901  4219  4219 I .gobarbermobile: type=1400 audit(0.0:11398): avc: denied { write } for name="com.gobarbermobile" dev="sdb3" ino=81927 scontext=u:r:untrusted_app:s0:c512,c768 tcontext=u:object_r:system_data_file:s0 tclass=dir permissive=1
02-09 05:29:07.901  4219  4219 I .gobarbermobile: type=1400 audit(0.0:11399): avc: denied { add_name } for name="lib-main" scontext=u:r:untrusted_app:s0:c512,c768 tcontext=u:object_r:system_data_file:s0 tclass=dir permissive=1
02-09 05:29:07.901  4219  4219 I .gobarbermobile: type=1400 audit(0.0:11400): avc: denied { create } for name="lib-main" scontext=u:r:untrusted_app:s0:c512,c768 tcontext=u:object_r:system_data_file:s0:c512,c768 tclass=dir permissive=1
02-09 05:29:07.901  4219  4219 I .gobarbermobile: type=1400 audit(0.0:11401): avc: denied { write } for name="lib-main" dev="sdb3" ino=81926 scontext=u:r:untrusted_app:s0:c512,c768 tcontext=u:object_r:system_data_file:s0:c512,c768 tclass=dir permissive=1
02-09 05:29:07.901  4219  4219 I .gobarbermobile: type=1400 audit(0.0:11402): avc: denied { add_name } for name="dso_lock" scontext=u:r:untrusted_app:s0:c512,c768 tcontext=u:object_r:system_data_file:s0:c512,c768 tclass=dir permissive=1
02-09 05:29:07.901  4219  4219 I .gobarbermobile: type=1400 audit(0.0:11403): avc: denied { create } for name="dso_lock" scontext=u:r:untrusted_app:s0:c512,c768 tcontext=u:object_r:system_data_file:s0:c512,c768 tclass=file permissive=1
02-09 05:29:07.901  4219  4219 I .gobarbermobile: type=1400 audit(0.0:11404): avc: denied { write open } for path="/data/data/com.gobarbermobile/lib-main/dso_lock" dev="sdb3" ino=81965 scontext=u:r:untrusted_app:s0:c512,c768 tcontext=u:object_r:system_data_file:s0:c512,c768 tclass=file permissive=1
02-09 05:29:07.893  4219  4219 D SoLoader: init start
02-09 05:29:07.899  4219  4219 D SoLoader: adding system library source: /vendor/lib
02-09 05:29:07.899  4219  4219 D SoLoader: adding system library source: /system/lib
02-09 05:29:07.900  4219  4219 D SoLoader: adding application source: com.facebook.soloader.DirectorySoSource[root = /data/app/com.gobarbermobile--2j9Kq5EoKXvYI48tiTNjg==/lib/x86 flags = 0]
02-09 05:29:07.900  4219  4219 D SoLoader: adding backup source from : com.facebook.soloader.ApkSoSource[root = /data/data/com.gobarbermobile/lib-main flags = 1]
02-09 05:29:07.903  4219  4219 D SoLoader: Preparing SO source: com.facebook.soloader.DirectorySoSource[root = /system/lib flags = 2]
02-09 05:29:07.903  4219  4219 D SoLoader: Preparing SO source: com.facebook.soloader.DirectorySoSource[root = /system/vendor/lib flags = 2]
02-09 05:29:07.903  4219  4219 D SoLoader: Preparing SO source: com.facebook.soloader.DirectorySoSource[root = /data/app/com.gobarbermobile--2j9Kq5EoKXvYI48tiTNjg==/lib/x86 flags = 0]
02-09 05:29:07.903  4219  4219 D SoLoader: Preparing SO source: com.facebook.soloader.ApkSoSource[root = /data/data/com.gobarbermobile/lib-main flags = 1]
02-09 05:29:07.915  4219  4219 V fb-UnpackingSoSource: locked dso store /data/user/0/com.gobarbermobile/lib-main
02-09 05:29:07.927  4219  4219 V fb-UnpackingSoSource: deps mismatch on deps store: regenerating
02-09 05:29:07.927  4219  4219 V fb-UnpackingSoSource: so store dirty: regenerating
02-09 05:29:07.909  4219  4219 I com.gobarbermobile: type=1400 audit(0.0:11405): avc: denied { write } for comm=45474C20496E6974 name="property_service" dev="tmpfs" ino=9302 scontext=u:r:untrusted_app:s0:c512,c768 tcontext=u:object_r:property_socket:s0 tclass=sock_file permissive=1
02-09 05:29:07.913  4219  4219 I com.gobarbermobile: type=1400 audit(0.0:11406): avc: denied { connectto } for comm=45474C20496E6974 path="/dev/socket/property_service" scontext=u:r:untrusted_app:s0:c512,c768 tcontext=u:r:init:s0 tclass=unix_stream_socket permissive=1
02-09 05:29:07.915  4219  4219 V fb-UnpackingSoSource: locked dso store /data/user/0/com.gobarbermobile/lib-main
02-09 05:29:07.927  4219  4219 V fb-UnpackingSoSource: deps mismatch on deps store: regenerating
02-09 05:29:07.927  4219  4219 V fb-UnpackingSoSource: so store dirty: regenerating
02-09 05:29:07.954  4219  4234 I vndksupport: sphal namespace is not configured for this process. Loading /system/lib/egl/libGLES_emulation.so from the current namespace instead.
02-09 05:29:07.969  4219  4234 I vndksupport: sphal namespace is not configured for this process. Loading /system/lib/egl/libEGL_emulation.so from the current namespace instead.
02-09 05:29:07.989  4219  4234 I vndksupport: sphal namespace is not configured for this process. Loading /system/lib/egl/libGLESv1_CM_emulation.so from the current namespace instead.
02-09 05:29:08.013  4219  4234 I vndksupport: sphal namespace is not configured for this process. Loading /system/lib/egl/libGLESv2_emulation.so from the current namespace instead.
02-09 05:29:08.674  1275  1275 I Choreographer: Skipped 43 frames!  The application may be doing too much work on its main thread.
02-09 05:29:09.000  4219  4219 D ApkSoSource: not allowing consideration of lib/x86/libc++_shared.so: deferring to libdir
02-09 05:29:09.000  4219  4219 D ApkSoSource: not allowing consideration of lib/x86/libfb.so: deferring to libdir
02-09 05:29:09.001  4219  4219 D ApkSoSource: not allowing consideration of lib/x86/libfolly_futures.so: deferring to libdir
02-09 05:29:09.001  4219  4219 D ApkSoSource: not allowing consideration of lib/x86/libfolly_json.so: deferring to libdir
02-09 05:29:09.004  4219  4219 D ApkSoSource: not allowing consideration of lib/x86/libglog.so: deferring to libdir
02-09 05:29:09.005  4219  4219 D ApkSoSource: not allowing consideration of lib/x86/libglog_init.so: deferring to libdir
02-09 05:29:09.007  4219  4219 D ApkSoSource: not allowing consideration of lib/x86/libimagepipeline.so: deferring to libdir
02-09 05:29:09.008  4219  4219 D ApkSoSource: not allowing consideration of lib/x86/libjsc.so: deferring to libdir
02-09 05:29:09.018  4219  4219 D ApkSoSource: not allowing consideration of lib/x86/libjscexecutor.so: deferring to libdir
02-09 05:29:09.022  4219  4219 D ApkSoSource: not allowing consideration of lib/x86/libjsijniprofiler.so: deferring to libdir
02-09 05:29:09.023  4219  4219 D ApkSoSource: not allowing consideration of lib/x86/libjsinspector.so: deferring to libdir
02-09 05:29:09.025  4219  4219 D ApkSoSource: not allowing consideration of lib/x86/libnative-filters.so: deferring to libdir
02-09 05:29:09.025  4219  4219 D ApkSoSource: not allowing consideration of lib/x86/libnative-imagetranscoder.so: deferring to libdir
02-09 05:29:09.026  4219  4219 D ApkSoSource: not allowing consideration of lib/x86/libreactnativeblob.so: deferring to libdir
02-09 05:29:09.026  4219  4219 D ApkSoSource: not allowing consideration of lib/x86/libreactnativejni.so: deferring to libdir
02-09 05:29:09.026  4219  4219 D ApkSoSource: not allowing consideration of lib/x86/libyoga.so: deferring to libdir
02-09 05:29:09.026  4219  4219 V fb-UnpackingSoSource: regenerating DSO store com.facebook.soloader.ApkSoSource
02-09 05:29:09.030  4219  4219 V fb-UnpackingSoSource: Finished regenerating DSO store com.facebook.soloader.ApkSoSource
02-09 05:29:09.030  4219  4219 V fb-UnpackingSoSource: starting syncer worker
02-09 05:29:09.134  4219  4219 V fb-UnpackingSoSource: releasing dso store lock for /data/user/0/com.gobarbermobile/lib-main (from syncer thread)
02-09 05:29:09.134  4219  4219 V fb-UnpackingSoSource: not releasing dso store lock for /data/user/0/com.gobarbermobile/lib-main (syncer thread started)
02-09 05:29:09.134  4219  4219 D SoLoader: init finish: 4 SO sources prepared
02-09 05:29:09.134  4219  4219 D SoLoader: init exiting
02-09 05:29:09.143  4219  4219 W System.err: java.lang.ClassNotFoundException: com.facebook.flipper.ReactNativeFlipper
02-09 05:29:09.151  4219  4219 W System.err: 	at java.lang.Class.classForName(Native Method)
02-09 05:29:09.151  4219  4219 W System.err: 	at java.lang.Class.forName(Class.java:453)
02-09 05:29:09.161  4219  4219 W System.err: 	at java.lang.Class.forName(Class.java:378)
02-09 05:29:09.161  4219  4219 W System.err: 	at com.gobarbermobile.MainApplication.initializeFlipper(MainApplication.java:61)
02-09 05:29:09.161  4219  4219 W System.err: 	at com.gobarbermobile.MainApplication.onCreate(MainApplication.java:46)
02-09 05:29:09.161  4219  4219 W System.err: 	at android.app.Instrumentation.callApplicationOnCreate(Instrumentation.java:1118)
02-09 05:29:09.161  4219  4219 W System.err: 	at android.app.ActivityThread.handleBindApplication(ActivityThread.java:5791)
02-09 05:29:09.161  4219  4219 W System.err: 	at android.app.ActivityThread.-wrap1(Unknown Source:0)
02-09 05:29:09.162  4219  4219 W System.err: 	at android.app.ActivityThread$H.handleMessage(ActivityThread.java:1661)
02-09 05:29:09.162  4219  4219 W System.err: 	at android.os.Handler.dispatchMessage(Handler.java:105)
02-09 05:29:09.162  4219  4219 W System.err: 	at android.os.Looper.loop(Looper.java:164)
02-09 05:29:09.162  4219  4219 W System.err: 	at android.app.ActivityThread.main(ActivityThread.java:6541)
02-09 05:29:09.162  4219  4219 W System.err: 	at java.lang.reflect.Method.invoke(Native Method)
02-09 05:29:09.162  4219  4219 W System.err: 	at com.android.internal.os.Zygote$MethodAndArgsCaller.run(Zygote.java:240)
02-09 05:29:09.162  4219  4219 W System.err: 	at com.android.internal.os.ZygoteInit.main(ZygoteInit.java:767)
02-09 05:29:09.173  4219  4219 W System.err: Caused by: java.lang.ClassNotFoundException: Didn't find class "com.facebook.flipper.ReactNativeFlipper" on path: DexPathList[[zip file "/data/app/com.gobarbermobile--2j9Kq5EoKXvYI48tiTNjg==/base.apk"],nativeLibraryDirectories=[/data/app/com.gobarbermobile--2j9Kq5EoKXvYI48tiTNjg==/lib/x86, /data/app/com.gobarbermobile--2j9Kq5EoKXvYI48tiTNjg==/base.apk!/lib/x86, /system/lib, /system/vendor/lib]]
02-09 05:29:09.175  4219  4219 W System.err: 	at dalvik.system.BaseDexClassLoader.findClass(BaseDexClassLoader.java:93)
02-09 05:29:09.183  4219  4219 W System.err: 	at java.lang.ClassLoader.loadClass(ClassLoader.java:379)
02-09 05:29:09.183  4219  4219 W System.err: 	at java.lang.ClassLoader.loadClass(ClassLoader.java:312)
02-09 05:29:09.183  4219  4219 W System.err: 	... 15 more
02-09 05:29:09.234  4219  4219 D AndroidRuntime: Shutting down VM
--------- beginning of crash
02-09 05:29:09.249  4219  4219 E AndroidRuntime: FATAL EXCEPTION: main
02-09 05:29:09.249  4219  4219 E AndroidRuntime: Process: com.gobarbermobile, PID: 4219
02-09 05:29:09.249  4219  4219 E AndroidRuntime: java.lang.RuntimeException: Unable to instantiate activity ComponentInfo{com.gobarbermobile/com.gobarbermobile.MainActivity}: java.lang.ClassNotFoundException: Didn't find class "com.gobarbermobile.MainActivity" on path: DexPathList[[zip file "/data/app/com.gobarbermobile--2j9Kq5EoKXvYI48tiTNjg==/base.apk"],nativeLibraryDirectories=[/data/app/com.gobarbermobile--2j9Kq5EoKXvYI48tiTNjg==/lib/x86, /data/app/com.gobarbermobile--2j9Kq5EoKXvYI48tiTNjg==/base.apk!/lib/x86, /system/lib, /system/vendor/lib]]
02-09 05:29:09.249  4219  4219 E AndroidRuntime: 	at android.app.ActivityThread.performLaunchActivity(ActivityThread.java:2718)
02-09 05:29:09.249  4219  4219 E AndroidRuntime: 	at android.app.ActivityThread.handleLaunchActivity(ActivityThread.java:2892)
02-09 05:29:09.249  4219  4219 E AndroidRuntime: 	at android.app.ActivityThread.-wrap11(Unknown Source:0)
02-09 05:29:09.249  4219  4219 E AndroidRuntime: 	at android.app.ActivityThread$H.handleMessage(ActivityThread.java:1593)
02-09 05:29:09.249  4219  4219 E AndroidRuntime: 	at android.os.Handler.dispatchMessage(Handler.java:105)
02-09 05:29:09.249  4219  4219 E AndroidRuntime: 	at android.os.Looper.loop(Looper.java:164)
02-09 05:29:09.249  4219  4219 E AndroidRuntime: 	at android.app.ActivityThread.main(ActivityThread.java:6541)
02-09 05:29:09.249  4219  4219 E AndroidRuntime: 	at java.lang.reflect.Method.invoke(Native Method)
02-09 05:29:09.249  4219  4219 E AndroidRuntime: 	at com.android.internal.os.Zygote$MethodAndArgsCaller.run(Zygote.java:240)
02-09 05:29:09.249  4219  4219 E AndroidRuntime: 	at com.android.internal.os.ZygoteInit.main(ZygoteInit.java:767)
02-09 05:29:09.249  4219  4219 E AndroidRuntime: Caused by: java.lang.ClassNotFoundException: Didn't find class "com.gobarbermobile.MainActivity" on path: DexPathList[[zip file "/data/app/com.gobarbermobile--2j9Kq5EoKXvYI48tiTNjg==/base.apk"],nativeLibraryDirectories=[/data/app/com.gobarbermobile--2j9Kq5EoKXvYI48tiTNjg==/lib/x86, /data/app/com.gobarbermobile--2j9Kq5EoKXvYI48tiTNjg==/base.apk!/lib/x86, /system/lib, /system/vendor/lib]]
02-09 05:29:09.249  4219  4219 E AndroidRuntime: 	at dalvik.system.BaseDexClassLoader.findClass(BaseDexClassLoader.java:93)
02-09 05:29:09.249  4219  4219 E AndroidRuntime: 	at java.lang.ClassLoader.loadClass(ClassLoader.java:379)
02-09 05:29:09.249  4219  4219 E AndroidRuntime: 	at java.lang.ClassLoader.loadClass(ClassLoader.java:312)
02-09 05:29:09.249  4219  4219 E AndroidRuntime: 	at android.app.Instrumentation.newActivity(Instrumentation.java:1173)
02-09 05:29:09.249  4219  4219 E AndroidRuntime: 	at android.app.ActivityThread.performLaunchActivity(ActivityThread.java:2708)
02-09 05:29:09.249  4219  4219 E AndroidRuntime: 	... 9 more
02-09 05:29:09.299   470  1240 W ActivityManager:   Force finishing activity com.gobarbermobile/.MainActivity
02-09 05:29:09.428   470   486 I ActivityManager: Showing crash dialog for package com.gobarbermobile u0
02-09 05:29:09.589   470   486 W Looper  : Dispatch took 223ms on android.ui, h=Handler (com.android.server.am.ActivityManagerService$UiHandler) {4ab8609} cb=null msg=1
02-09 05:29:09.821   470   485 W ActivityManager: Activity pause timeout for ActivityRecord{7653dd9 u0 com.gobarbermobile/.MainActivity t35 f}
02-09 05:29:09.831   470   492 E ViewRootImpl[gobarbermobile]: Attempting to destroy the window while drawing!
02-09 05:29:09.831   470   492 E ViewRootImpl[gobarbermobile]:   window=android.view.ViewRootImpl@fd76d98, title=Splash Screen com.gobarbermobile
02-09 05:29:09.866   470   485 I WindowManager: Failed to capture screenshot of Token{dc9a39e ActivityRecord{7653dd9 u0 com.gobarbermobile/.MainActivity t35 f}} appWin=Window{d7a3e77 u0 Splash Screen com.gobarbermobile} drawState=1
02-09 05:29:10.158   366   366 E hw-IPCThreadState: binder thread pool (1 threads) starved for 261 ms
02-09 05:29:10.153   366   366 I allocator@2.0-s: type=1400 audit(0.0:11409): avc: denied { sendto } for path="/dev/socket/logdw" scontext=u:r:hal_graphics_allocator_default:s0 tcontext=u:r:init:s0 tclass=unix_dgram_socket permissive=1
02-09 05:29:10.158   366   366 E hw-IPCThreadState: binder thread pool (1 threads) starved for 261 ms
02-09 05:29:10.519   366   366 E hw-IPCThreadState: binder thread pool (1 threads) starved for 163 ms
02-09 05:29:10.614   470   486 W Looper  : Dispatch took 1025ms on android.ui, h=Handler (android.view.Choreographer$FrameHandler) {a6d16ce} cb=android.view.Choreographer$FrameDisplayEventReceiver@eb9a9ef msg=0
02-09 05:29:10.614   470   486 I Choreographer: Skipped 60 frames!  The application may be doing too much work on its main thread.
02-09 05:29:13.446   470   552 I Choreographer: Skipped 356 frames!  The application may be doing too much work on its main thread.
02-09 05:29:16.035   470   484 E memtrack: Couldn't load memtrack module
02-09 05:29:16.035   470   484 W android.os.Debug: failed to get memory consumption info: -1
02-09 05:29:16.054   470   484 E memtrack: Couldn't load memtrack module
02-09 05:29:16.054   470   484 W android.os.Debug: failed to get memory consumption info: -1
02-09 05:29:19.848   470   485 W ActivityManager: Activity destroy timeout for ActivityRecord{7653dd9 u0 com.gobarbermobile/.MainActivity t35 f}
02-09 05:29:41.292  4237  4237 I adbd    : type=1400 audit(0.0:11410): avc: denied { execute_no_trans } for path="/system/bin/sh" dev="sda6" ino=562 scontext=u:r:init:s0 tcontext=u:object_r:shell_exec:s0 tclass=file permissive=1
02-09 05:29:41.300  4237  4237 I logcat  : type=1400 audit(0.0:11411): avc: denied { read } for path="socket:[50674]" dev="sockfs" ino=50674 scontext=u:r:logpersist:s0 tcontext=u:r:init:s0 tclass=unix_stream_socket permissive=1
02-09 05:29:41.304  4237  4237 I logcat  : type=1400 audit(0.0:11412): avc: denied { connectto } for path="/dev/socket/logd" scontext=u:r:logpersist:s0 tcontext=u:r:init:s0 tclass=unix_stream_socket permissive=1
02-09 05:29:41.304   127   127 I logd.control: type=1400 audit(0.0:11413): avc: denied { accept } for path="/dev/socket/logd" scontext=u:r:logd:s0 tcontext=u:r:init:s0 tclass=unix_stream_socket permissive=1
02-09 05:29:41.304   127   127 I logd.control: type=1400 audit(0.0:11414): avc: denied { getopt } for path="/dev/socket/logd" scontext=u:r:logd:s0 tcontext=u:r:init:s0 tclass=unix_stream_socket permissive=1
02-09 05:29:41.304   127   127 I logd.control: type=1400 audit(0.0:11415): avc: denied { read } for path="socket:[50686]" dev="sockfs" ino=50686 scontext=u:r:logd:s0 tcontext=u:r:init:s0 tclass=unix_stream_socket permissive=1
02-09 05:29:41.404   400   400 I rild    : type=1400 audit(0.0:11416): avc: denied { sendto } for path="/dev/socket/logdw" scontext=u:r:rild:s0 tcontext=u:r:init:s0 tclass=unix_dgram_socket permissive=1
02-09 05:29:41.698   470  1510 I OpenGLRenderer: Initialized EGL, version 1.4
02-09 05:29:41.698   470  1510 D OpenGLRenderer: Swap behavior 1
02-09 05:29:41.701   470  1510 D EGL_emulation: eglCreateContext: 0xdf607e80: maj 2 min 0 rcv 2
02-09 05:29:41.714   470  1510 E EGL_emulation: tid 1510: eglSurfaceAttrib(1210): error 0x3009 (EGL_BAD_MATCH)
02-09 05:29:41.714   470  1510 W OpenGLRenderer: Failed to set EGL_SWAP_BEHAVIOR on surface 0xcec1a7c0, error=EGL_BAD_MATCH
02-09 05:29:41.820   470   486 W Looper  : Dispatch took 31206ms on android.ui, h=Handler (android.view.Choreographer$FrameHandler) {a6d16ce} cb=android.view.Choreographer$FrameDisplayEventReceiver@eb9a9ef msg=0
